<html>
<body>
<pre>
<h1>礦ision Build Log</h1>
<h2>Tool Versions:</h2>
IDE-Version: μVision V5.24.2.0
Copyright (C) 2017 ARM Ltd and ARM Germany GmbH. All rights reserved.
License Information: li asus, scu, LIC=----
 
Tool Versions:
Toolchain:       MDK-Lite  Version: 5.24.1
Toolchain Path:  C:\Keil_v5\ARM\ARMCC\Bin
C Compiler:      Armcc.exe V5.06 update 5 (build 528)
Assembler:       Armasm.exe V5.06 update 5 (build 528)
Linker/Locator:  ArmLink.exe V5.06 update 5 (build 528)
Library Manager: ArmAr.exe V5.06 update 5 (build 528)
Hex Converter:   FromElf.exe V5.06 update 5 (build 528)
CPU DLL:         SARMCM3.DLL V5.24.1
Dialog DLL:      DARMSTM.DLL V1.68.0.0
Target DLL:      CMSIS_AGDI.dll V1.28.3.0
Dialog DLL:      TARMSTM.DLL V1.66.0.0
 
<h2>Project:</h2>
D:\电设资料\STM32通用库开发\Advanced Studios 专用\Advanced Studios 专用\Project\RVMDK（uv5）\BH-F103.uvprojx
Project File Date:  05/27/2018

<h2>Output:</h2>
*** Using Compiler 'V5.06 update 5 (build 528)', folder: 'C:\Keil_v5\ARM\ARMCC\Bin'
Build target 'TIM—基本定时器定时'
compiling main.c...
..\..\User\main.c(11): warning:  #223-D: function "FTM_INIT" declared implicitly
    FTM_INIT(FTM2,FTM2_CH1,1000,0.2);
..\..\User\main.c(16): warning:  #223-D: function "Systick_Delay_ms" declared implicitly
  			Systick_Delay_ms(3000);
..\..\User\main.c(17): warning:  #223-D: function "Set_Duty" declared implicitly
  			Set_Duty(FTM2,FTM2_CH1,i);
..\..\User\main.c: 3 warnings, 0 errors
linking...
Program Size: Code=11380 RO-data=336 RW-data=68 ZI-data=1028  
FromELF: creating hex file...
"..\..\Output\TIM—基本定时器定时.axf" - 0 Error(s), 3 Warning(s).

<h2>Software Packages used:</h2>

Package Vendor: Keil
                http://www.keil.com/pack/Keil.STM32F1xx_DFP.2.0.0.pack
                Keil.STM32F1xx_DFP.2.0.0
                STMicroelectronics STM32F1 Series Device Support, Drivers and Examples

<h2>Collection of Component include folders:</h2>
  .\RTE\_TIM________________
  C:\Keil_v5\ARM\PACK\Keil\STM32F1xx_DFP\2.0.0\Device\Include

<h2>Collection of Component Files used:</h2>
Build Time Elapsed:  00:00:01
</pre>
</body>
</html>
