<html>
<body>
<pre>
<h1>礦ision Build Log</h1>
<h2>Tool Versions:</h2>
IDE-Version: μVision V5.24.2.0
Copyright (C) 2017 ARM Ltd and ARM Germany GmbH. All rights reserved.
License Information: li asus, scu, LIC=----
 
Tool Versions:
Toolchain:       MDK-Lite  Version: 5.24.1
Toolchain Path:  C:\Keil_v5\ARM\ARMCC\Bin
C Compiler:      Armcc.exe V5.06 update 5 (build 528)
Assembler:       Armasm.exe V5.06 update 5 (build 528)
Linker/Locator:  ArmLink.exe V5.06 update 5 (build 528)
Library Manager: ArmAr.exe V5.06 update 5 (build 528)
Hex Converter:   FromElf.exe V5.06 update 5 (build 528)
CPU DLL:         SARMCM3.DLL V5.24.1
Dialog DLL:      DARMSTM.DLL V1.68.0.0
Target DLL:      CMSIS_AGDI.dll V1.28.3.0
Dialog DLL:      TARMSTM.DLL V1.66.0.0
 
<h2>Project:</h2>
D:\电设资料\STM32通用库开发\Advanced Studios 专用\Advanced Studios 专用\Project\RVMDK（uv5）\BH-F103.uvprojx
Project File Date:  06/05/2018

<h2>Output:</h2>
*** Using Compiler 'V5.06 update 5 (build 528)', folder: 'C:\Keil_v5\ARM\ARMCC\Bin'
Rebuild target 'TIM—基本定时器定时'
assembling startup_stm32f10x_hd.s...
compiling stm32f10x_adc.c...
compiling core_cm3.c...
compiling stm32f10x_can.c...
compiling stm32f10x_bkp.c...
compiling misc.c...
compiling system_stm32f10x.c...
compiling stm32f10x_cec.c...
compiling stm32f10x_flash.c...
compiling stm32f10x_exti.c...
compiling stm32f10x_dma.c...
compiling stm32f10x_dbgmcu.c...
compiling stm32f10x_dac.c...
compiling stm32f10x_crc.c...
compiling stm32f10x_rtc.c...
compiling stm32f10x_fsmc.c...
compiling stm32f10x_gpio.c...
compiling stm32f10x_iwdg.c...
compiling stm32f10x_pwr.c...
compiling stm32f10x_i2c.c...
compiling stm32f10x_rcc.c...
compiling stm32f10x_tim.c...
compiling stm32f10x_sdio.c...
compiling stm32f10x_usart.c...
compiling stm32f10x_spi.c...
compiling main.c...
..\..\User\main.c(8): warning:  #223-D: function "Fast_UART_SET" declared implicitly
  	Fast_UART_SET(UART1_SET);
..\..\User\main.c(9): warning:  #223-D: function "set_P_S_VECTOR" declared implicitly
  	set_P_S_VECTOR(USART1);
..\..\User\main.c(10): warning:  #223-D: function "FTM_GET_Config" declared implicitly
  	FTM_GET_Config(FTM_IN1,FTM_IN1_CH1,UP_Edge);
..\..\User\main.c(13): warning:  #223-D: function "FTM_Time_Transfer" declared implicitly
  		FTM_Time_Transfer();
..\..\User\main.c(7): warning:  #177-D: variable "tim"  was declared but never referenced
  	double tim;
..\..\User\main.c: 5 warnings, 0 errors
compiling stm32f10x_wwdg.c...
compiling stm32f10x_define.c...
compiling tim_config.c...
compiling SysTick.c...
..\..\User\SysTick\SysTick.c(122): warning:  #1-D: last line of file ends without a newline
  }
..\..\User\SysTick\SysTick.c: 1 warning, 0 errors
compiling stm32f10x_it.c...
..\..\User\stm32f10x_it.c(150): warning:  #223-D: function "FTM_GET" declared implicitly
  	FTM_GET(FTM_IN1,FALL_Edge);
..\..\User\stm32f10x_it.c: 1 warning, 0 errors
compiling gpio_config.c...
..\..\User\GPIO_Config\gpio_config.c(536): warning:  #1-D: last line of file ends without a newline
  }
..\..\User\GPIO_Config\gpio_config.c: 1 warning, 0 errors
compiling uart.c...
..\..\User\UART\uart.c(611): warning:  #1-D: last line of file ends without a newline
  }
..\..\User\UART\uart.c: 1 warning, 0 errors
linking...
Program Size: Code=16728 RO-data=336 RW-data=92 ZI-data=1028  
FromELF: creating hex file...
"..\..\Output\TIM—基本定时器定时.axf" - 0 Error(s), 9 Warning(s).

<h2>Software Packages used:</h2>

Package Vendor: Keil
                http://www.keil.com/pack/Keil.STM32F1xx_DFP.2.0.0.pack
                Keil.STM32F1xx_DFP.2.0.0
                STMicroelectronics STM32F1 Series Device Support, Drivers and Examples

<h2>Collection of Component include folders:</h2>
  .\RTE\_TIM________________
  C:\Keil_v5\ARM\PACK\Keil\STM32F1xx_DFP\2.0.0\Device\Include

<h2>Collection of Component Files used:</h2>
Build Time Elapsed:  00:00:06
</pre>
</body>
</html>
