<html>
<body>
<pre>
<h1>礦ision Build Log</h1>
<h2>Tool Versions:</h2>
IDE-Version: μVision V5.24.2.0
Copyright (C) 2017 ARM Ltd and ARM Germany GmbH. All rights reserved.
License Information: li asus, scu, LIC=----
 
Tool Versions:
Toolchain:       MDK-Lite  Version: 5.24.1
Toolchain Path:  C:\Keil_v5\ARM\ARMCC\Bin
C Compiler:      Armcc.exe V5.06 update 5 (build 528)
Assembler:       Armasm.exe V5.06 update 5 (build 528)
Linker/Locator:  ArmLink.exe V5.06 update 5 (build 528)
Library Manager: ArmAr.exe V5.06 update 5 (build 528)
Hex Converter:   FromElf.exe V5.06 update 5 (build 528)
CPU DLL:         SARMCM3.DLL V5.24.1
Dialog DLL:      DCM.DLL V1.16.0.0
Target DLL:      CMSIS_AGDI.dll V1.28.3.0
Dialog DLL:      TCM.DLL V1.32.0.0
 
<h2>Project:</h2>
D:\电设资料\STM32通用库开发\Advanced Studios 专用\Project\BH-F103.uvprojx
Project File Date:  05/24/2018

<h2>Output:</h2>
*** Using Compiler 'V5.06 update 5 (build 528)', folder: 'C:\Keil_v5\ARM\ARMCC\Bin'
Build target 'Target 1'
compiling main.c...
..\User\main.c(9): warning:  #223-D: function "CLK_SET" declared implicitly
  	CLK_SET(GPIOB_SET);
..\User\main.c(10): warning:  #223-D: function "GPIO_INIT" declared implicitly
  	GPIO_INIT(GPIOB,pin0,HIGH_Speed,6);
..\User\main.c(11): warning:  #223-D: function "GPIO_OUT" declared implicitly
  	GPIO_OUT(GPIOB,GPIO_Pin_0,Bit_SET);
..\User\main.c(12): warning:  #223-D: function "Systick_Fast_Set" declared implicitly
  	Systick_Fast_Set();
..\User\main.c(16): warning:  #223-D: function "Systick_Delay_ms" declared implicitly
  		Systick_Delay_ms(1000);
..\User\main.c: 5 warnings, 0 errors
linking...
Program Size: Code=1624 RO-data=336 RW-data=28 ZI-data=1028  
FromELF: creating hex file...
".\Objects\BH-F103.axf" - 0 Error(s), 5 Warning(s).

<h2>Software Packages used:</h2>

Package Vendor: Keil
                http://www.keil.com/pack/Keil.STM32F1xx_DFP.2.0.0.pack
                Keil.STM32F1xx_DFP.2.0.0
                STMicroelectronics STM32F1 Series Device Support, Drivers and Examples

<h2>Collection of Component include folders:</h2>
  .\RTE\_Target_1
  C:\Keil_v5\ARM\PACK\Keil\STM32F1xx_DFP\2.0.0\Device\Include

<h2>Collection of Component Files used:</h2>
Build Time Elapsed:  00:00:01
</pre>
</body>
</html>
